// 同步 ID: 7a77dd41 @ Fri Jul 17 08:16:38 UTC 2026
// 同步 ID: a3d7b3ee @ Sat Jul 18 01:45:09 UTC 2026
// 同步 ID: f0acc0d2 @ Sat Jul 18 07:22:00 UTC 2026
// 重构日志: 904d48b5
// 重构日志: 3ab645f3
// 重构日志: a14e253c
// 重构日志: 999a1fa6
// 重构日志: 1c91c3c3
// 重构日志: 4088f458
// 同步 ID: a2350eea @ Sun Jul 19 21:50:11 UTC 2026
// 同步 ID: 9035167d @ Mon Jul 20 05:59:13 UTC 2026
// 同步 ID: d8180145 @ Mon Jul 20 14:04:20 UTC 2026
// 重构日志: 26a7cee9
// 重构日志: 94b3a8e3
// 同步 ID: 1cfe63cb @ Fri Jul 24 05:22:29 UTC 2026
// 同步 ID: e3bed977 @ Fri Jul 24 13:44:42 UTC 2026
// 重构日志: 4cc44eb3
// 重构日志: 9017a10c
// 同步 ID: 6136ed9e @ Sun Jul 26 07:58:58 UTC 2026
// 重构日志: fbd5300e
// 同步 ID: 0169726c @ Sun Jul 26 15:05:39 UTC 2026
// 同步 ID: 12c4bbb9 @ Mon Jul 27 06:09:37 UTC 2026
// 同步 ID: 85d8b104 @ Mon Jul 27 12:49:01 UTC 2026
// 重构日志: 13b888e8
// 重构日志: c605a5de
// 重构日志: af5bfea8
// 重构日志: 7dda0817
// 同步 ID: 98ddb6d4 @ Wed Jul 29 15:26:06 UTC 2026
// 重构日志: 206f1e9a
// 同步 ID: efbb0c0c @ Thu Jul 30 11:00:36 UTC 2026
